21:18:57 **** Incremental Build of configuration Debug for project practica_1 ****
make -j8 all 
arm-none-eabi-gcc "../Src/main.c" -mcpu=cortex-m4 -std=gnu11 -g3 -DDEBUG -DSTM32 -DSTM32F429ZITx -DSTM32F4 -DNUCLEO_F429ZI -DUSE_HAL_DRIVER -DSTM32F429xx -c -I../Inc -I"/home/gonza/Repo/PdM_workspace/practica_1/Drivers/STM32F4xx_HAL_Driver/Inc" -I"/home/gonza/Repo/PdM_workspace/practica_1/Drivers/CMSIS/Include" -I"/home/gonza/Repo/PdM_workspace/practica_1/Drivers/CMSIS/Device/ST/STM32F4xx/Include" -I"/home/gonza/Repo/PdM_workspace/practica_1/Drivers/BSP/STM32F4xx_Nucleo_144" -I"/home/gonza/Repo/PdM_workspace/practica_1/Drivers/Core/Inc" -O0 -ffunction-sections -fdata-sections -Wall -fstack-usage -MMD -MP -MF"Src/main.d" -MT"Src/main.o" --specs=nano.specs -mfpu=fpv4-sp-d16 -mfloat-abi=hard -mthumb -o "Src/main.o"
arm-none-eabi-gcc "../Drivers/STM32F4xx_HAL_Driver/Src/stm32f4xx_hal_msp.c" -mcpu=cortex-m4 -std=gnu11 -g3 -DDEBUG -DSTM32 -DSTM32F429ZITx -DSTM32F4 -DNUCLEO_F429ZI -DUSE_HAL_DRIVER -DSTM32F429xx -c -I../Inc -I"/home/gonza/Repo/PdM_workspace/practica_1/Drivers/STM32F4xx_HAL_Driver/Inc" -I"/home/gonza/Repo/PdM_workspace/practica_1/Drivers/CMSIS/Include" -I"/home/gonza/Repo/PdM_workspace/practica_1/Drivers/CMSIS/Device/ST/STM32F4xx/Include" -I"/home/gonza/Repo/PdM_workspace/practica_1/Drivers/BSP/STM32F4xx_Nucleo_144" -I"/home/gonza/Repo/PdM_workspace/practica_1/Drivers/Core/Inc" -O0 -ffunction-sections -fdata-sections -Wall -fstack-usage -MMD -MP -MF"Drivers/STM32F4xx_HAL_Driver/Src/stm32f4xx_hal_msp.d" -MT"Drivers/STM32F4xx_HAL_Driver/Src/stm32f4xx_hal_msp.o" --specs=nano.specs -mfpu=fpv4-sp-d16 -mfloat-abi=hard -mthumb -o "Drivers/STM32F4xx_HAL_Driver/Src/stm32f4xx_hal_msp.o"
arm-none-eabi-gcc "../Drivers/Core/Src/stm32f4xx_it.c" -mcpu=cortex-m4 -std=gnu11 -g3 -DDEBUG -DSTM32 -DSTM32F429ZITx -DSTM32F4 -DNUCLEO_F429ZI -DUSE_HAL_DRIVER -DSTM32F429xx -c -I../Inc -I"/home/gonza/Repo/PdM_workspace/practica_1/Drivers/STM32F4xx_HAL_Driver/Inc" -I"/home/gonza/Repo/PdM_workspace/practica_1/Drivers/CMSIS/Include" -I"/home/gonza/Repo/PdM_workspace/practica_1/Drivers/CMSIS/Device/ST/STM32F4xx/Include" -I"/home/gonza/Repo/PdM_workspace/practica_1/Drivers/BSP/STM32F4xx_Nucleo_144" -I"/home/gonza/Repo/PdM_workspace/practica_1/Drivers/Core/Inc" -O0 -ffunction-sections -fdata-sections -Wall -fstack-usage -MMD -MP -MF"Drivers/Core/Src/stm32f4xx_it.d" -MT"Drivers/Core/Src/stm32f4xx_it.o" --specs=nano.specs -mfpu=fpv4-sp-d16 -mfloat-abi=hard -mthumb -o "Drivers/Core/Src/stm32f4xx_it.o"
arm-none-eabi-gcc -o "practica_1.elf" @"objects.list"   -mcpu=cortex-m4 -T"/home/gonza/Repo/PdM_workspace/practica_1/STM32F429ZITX_FLASH.ld" --specs=nosys.specs -Wl,-Map="practica_1.map" -Wl,--gc-sections -static --specs=nano.specs -mfpu=fpv4-sp-d16 -mfloat-abi=hard -mthumb -Wl,--start-group -lc -lm -Wl,--end-group
Finished building target: practica_1.elf
 
arm-none-eabi-size   practica_1.elf 
arm-none-eabi-objdump -h -S  practica_1.elf  > "practica_1.list"
   text	   data	    bss	    dec	    hex	filename
   6816	     36	   1572	   8424	   20e8	practica_1.elf
Finished building: default.size.stdout
 
Finished building: practica_1.list
 
21:19:55 **** Incremental Build of configuration Debug for project practica_1 ****
make -j8 all 
arm-none-eabi-size   practica_1.elf 
   text	   data	    bss	    dec	    hex	filename
   6816	     36	   1572	   8424	   20e8	practica_1.elf
Finished building: default.size.stdout
 
21:25:04 **** Incremental Build of configuration Debug for project practica_1 ****
make -j8 all 
arm-none-eabi-gcc "../Src/main.c" -mcpu=cortex-m4 -std=gnu11 -g3 -DDEBUG -DSTM32 -DSTM32F429ZITx -DSTM32F4 -DNUCLEO_F429ZI -DUSE_HAL_DRIVER -DSTM32F429xx -c -I../Inc -I"/home/gonza/Repo/PdM_workspace/practica_1/Drivers/STM32F4xx_HAL_Driver/Inc" -I"/home/gonza/Repo/PdM_workspace/practica_1/Drivers/CMSIS/Include" -I"/home/gonza/Repo/PdM_workspace/practica_1/Drivers/CMSIS/Device/ST/STM32F4xx/Include" -I"/home/gonza/Repo/PdM_workspace/practica_1/Drivers/BSP/STM32F4xx_Nucleo_144" -I"/home/gonza/Repo/PdM_workspace/practica_1/Drivers/Core/Inc" -O0 -ffunction-sections -fdata-sections -Wall -fstack-usage -MMD -MP -MF"Src/main.d" -MT"Src/main.o" --specs=nano.specs -mfpu=fpv4-sp-d16 -mfloat-abi=hard -mthumb -o "Src/main.o"
arm-none-eabi-gcc -o "practica_1.elf" @"objects.list"   -mcpu=cortex-m4 -T"/home/gonza/Repo/PdM_workspace/practica_1/STM32F429ZITX_FLASH.ld" --specs=nosys.specs -Wl,-Map="practica_1.map" -Wl,--gc-sections -static --specs=nano.specs -mfpu=fpv4-sp-d16 -mfloat-abi=hard -mthumb -Wl,--start-group -lc -lm -Wl,--end-group
Finished building target: practica_1.elf
 
arm-none-eabi-size   practica_1.elf 
arm-none-eabi-objdump -h -S  practica_1.elf  > "practica_1.list"
   text	   data	    bss	    dec	    hex	filename
   6748	     36	   1572	   8356	   20a4	practica_1.elf
Finished building: default.size.stdout
 
Finished building: practica_1.list
 
21:27:48 **** Incremental Build of configuration Debug for project practica_1 ****
make -j8 all 
arm-none-eabi-gcc "../Src/main.c" -mcpu=cortex-m4 -std=gnu11 -g3 -DDEBUG -DSTM32 -DSTM32F429ZITx -DSTM32F4 -DNUCLEO_F429ZI -DUSE_HAL_DRIVER -DSTM32F429xx -c -I../Inc -I"/home/gonza/Repo/PdM_workspace/practica_1/Drivers/STM32F4xx_HAL_Driver/Inc" -I"/home/gonza/Repo/PdM_workspace/practica_1/Drivers/CMSIS/Include" -I"/home/gonza/Repo/PdM_workspace/practica_1/Drivers/CMSIS/Device/ST/STM32F4xx/Include" -I"/home/gonza/Repo/PdM_workspace/practica_1/Drivers/BSP/STM32F4xx_Nucleo_144" -I"/home/gonza/Repo/PdM_workspace/practica_1/Drivers/Core/Inc" -O0 -ffunction-sections -fdata-sections -Wall -fstack-usage -MMD -MP -MF"Src/main.d" -MT"Src/main.o" --specs=nano.specs -mfpu=fpv4-sp-d16 -mfloat-abi=hard -mthumb -o "Src/main.o"
arm-none-eabi-gcc -o "practica_1.elf" @"objects.list"   -mcpu=cortex-m4 -T"/home/gonza/Repo/PdM_workspace/practica_1/STM32F429ZITX_FLASH.ld" --specs=nosys.specs -Wl,-Map="practica_1.map" -Wl,--gc-sections -static --specs=nano.specs -mfpu=fpv4-sp-d16 -mfloat-abi=hard -mthumb -Wl,--start-group -lc -lm -Wl,--end-group
Finished building target: practica_1.elf
 
arm-none-eabi-size   practica_1.elf 
arm-none-eabi-objdump -h -S  practica_1.elf  > "practica_1.list"
   text	   data	    bss	    dec	    hex	filename
   6748	     36	   1572	   8356	   20a4	practica_1.elf
Finished building: default.size.stdout
 
Finished building: practica_1.list
 
21:28:06 **** Incremental Build of configuration Debug for project practica_1 ****
make -j8 all 
arm-none-eabi-size   practica_1.elf 
   text	   data	    bss	    dec	    hex	filename
   6748	     36	   1572	   8356	   20a4	practica_1.elf
Finished building: default.size.stdout
 
21:39:42 **** Incremental Build of configuration Debug for project practica_1 ****
make -j8 all 
arm-none-eabi-gcc "../Src/main.c" -mcpu=cortex-m4 -std=gnu11 -g3 -DDEBUG -DSTM32 -DSTM32F429ZITx -DSTM32F4 -DNUCLEO_F429ZI -DUSE_HAL_DRIVER -DSTM32F429xx -c -I../Inc -I"/home/gonza/Repo/PdM_workspace/practica_1/Drivers/STM32F4xx_HAL_Driver/Inc" -I"/home/gonza/Repo/PdM_workspace/practica_1/Drivers/CMSIS/Include" -I"/home/gonza/Repo/PdM_workspace/practica_1/Drivers/CMSIS/Device/ST/STM32F4xx/Include" -I"/home/gonza/Repo/PdM_workspace/practica_1/Drivers/BSP/STM32F4xx_Nucleo_144" -I"/home/gonza/Repo/PdM_workspace/practica_1/Drivers/Core/Inc" -O0 -ffunction-sections -fdata-sections -Wall -fstack-usage -MMD -MP -MF"Src/main.d" -MT"Src/main.o" --specs=nano.specs -mfpu=fpv4-sp-d16 -mfloat-abi=hard -mthumb -o "Src/main.o"
arm-none-eabi-gcc -o "practica_1.elf" @"objects.list"   -mcpu=cortex-m4 -T"/home/gonza/Repo/PdM_workspace/practica_1/STM32F429ZITX_FLASH.ld" --specs=nosys.specs -Wl,-Map="practica_1.map" -Wl,--gc-sections -static --specs=nano.specs -mfpu=fpv4-sp-d16 -mfloat-abi=hard -mthumb -Wl,--start-group -lc -lm -Wl,--end-group
Finished building target: practica_1.elf
 
arm-none-eabi-size   practica_1.elf 
arm-none-eabi-objdump -h -S  practica_1.elf  > "practica_1.list"
   text	   data	    bss	    dec	    hex	filename
   6832	     36	   1572	   8440	   20f8	practica_1.elf
Finished building: default.size.stdout
 
Finished building: practica_1.list
 
21:42:35 **** Incremental Build of configuration Debug for project practica_1 ****
make -j8 all 
arm-none-eabi-gcc "../Src/main.c" -mcpu=cortex-m4 -std=gnu11 -g3 -DDEBUG -DSTM32 -DSTM32F429ZITx -DSTM32F4 -DNUCLEO_F429ZI -DUSE_HAL_DRIVER -DSTM32F429xx -c -I../Inc -I"/home/gonza/Repo/PdM_workspace/practica_1/Drivers/STM32F4xx_HAL_Driver/Inc" -I"/home/gonza/Repo/PdM_workspace/practica_1/Drivers/CMSIS/Include" -I"/home/gonza/Repo/PdM_workspace/practica_1/Drivers/CMSIS/Device/ST/STM32F4xx/Include" -I"/home/gonza/Repo/PdM_workspace/practica_1/Drivers/BSP/STM32F4xx_Nucleo_144" -I"/home/gonza/Repo/PdM_workspace/practica_1/Drivers/Core/Inc" -O0 -ffunction-sections -fdata-sections -Wall -fstack-usage -MMD -MP -MF"Src/main.d" -MT"Src/main.o" --specs=nano.specs -mfpu=fpv4-sp-d16 -mfloat-abi=hard -mthumb -o "Src/main.o"
arm-none-eabi-gcc -o "practica_1.elf" @"objects.list"   -mcpu=cortex-m4 -T"/home/gonza/Repo/PdM_workspace/practica_1/STM32F429ZITX_FLASH.ld" --specs=nosys.specs -Wl,-Map="practica_1.map" -Wl,--gc-sections -static --specs=nano.specs -mfpu=fpv4-sp-d16 -mfloat-abi=hard -mthumb -Wl,--start-group -lc -lm -Wl,--end-group
Finished building target: practica_1.elf
 
arm-none-eabi-size   practica_1.elf 
arm-none-eabi-objdump -h -S  practica_1.elf  > "practica_1.list"
   text	   data	    bss	    dec	    hex	filename
   6852	     36	   1572	   8460	   210c	practica_1.elf
Finished building: default.size.stdout
 
Finished building: practica_1.list
 
21:44:32 **** Incremental Build of configuration Debug for project practica_1 ****
make -j8 all 
arm-none-eabi-gcc "../Src/main.c" -mcpu=cortex-m4 -std=gnu11 -g3 -DDEBUG -DSTM32 -DSTM32F429ZITx -DSTM32F4 -DNUCLEO_F429ZI -DUSE_HAL_DRIVER -DSTM32F429xx -c -I../Inc -I"/home/gonza/Repo/PdM_workspace/practica_1/Drivers/STM32F4xx_HAL_Driver/Inc" -I"/home/gonza/Repo/PdM_workspace/practica_1/Drivers/CMSIS/Include" -I"/home/gonza/Repo/PdM_workspace/practica_1/Drivers/CMSIS/Device/ST/STM32F4xx/Include" -I"/home/gonza/Repo/PdM_workspace/practica_1/Drivers/BSP/STM32F4xx_Nucleo_144" -I"/home/gonza/Repo/PdM_workspace/practica_1/Drivers/Core/Inc" -O0 -ffunction-sections -fdata-sections -Wall -fstack-usage -MMD -MP -MF"Src/main.d" -MT"Src/main.o" --specs=nano.specs -mfpu=fpv4-sp-d16 -mfloat-abi=hard -mthumb -o "Src/main.o"
../Src/main.c: In function 'main':
../Src/main.c:85:19: error: unknown type name 's'
   85 |    HAL_Delay(200);s
      |                   ^
../Src/main.c:86:16: error: expected declaration specifiers or '...' before 'ledSequence'
   86 |    BSP_LED_Off(ledSequence[i]);
      |                ^~~~~~~~~~~
make: *** [Src/subdir.mk:19: Src/main.o] Error 1
"make -j8 all" terminated with exit code 2. Build might be incomplete.
21:44:43 **** Incremental Build of configuration Debug for project practica_1 ****
make -j8 all 
arm-none-eabi-gcc "../Src/main.c" -mcpu=cortex-m4 -std=gnu11 -g3 -DDEBUG -DSTM32 -DSTM32F429ZITx -DSTM32F4 -DNUCLEO_F429ZI -DUSE_HAL_DRIVER -DSTM32F429xx -c -I../Inc -I"/home/gonza/Repo/PdM_workspace/practica_1/Drivers/STM32F4xx_HAL_Driver/Inc" -I"/home/gonza/Repo/PdM_workspace/practica_1/Drivers/CMSIS/Include" -I"/home/gonza/Repo/PdM_workspace/practica_1/Drivers/CMSIS/Device/ST/STM32F4xx/Include" -I"/home/gonza/Repo/PdM_workspace/practica_1/Drivers/BSP/STM32F4xx_Nucleo_144" -I"/home/gonza/Repo/PdM_workspace/practica_1/Drivers/Core/Inc" -O0 -ffunction-sections -fdata-sections -Wall -fstack-usage -MMD -MP -MF"Src/main.d" -MT"Src/main.o" --specs=nano.specs -mfpu=fpv4-sp-d16 -mfloat-abi=hard -mthumb -o "Src/main.o"
arm-none-eabi-gcc -o "practica_1.elf" @"objects.list"   -mcpu=cortex-m4 -T"/home/gonza/Repo/PdM_workspace/practica_1/STM32F429ZITX_FLASH.ld" --specs=nosys.specs -Wl,-Map="practica_1.map" -Wl,--gc-sections -static --specs=nano.specs -mfpu=fpv4-sp-d16 -mfloat-abi=hard -mthumb -Wl,--start-group -lc -lm -Wl,--end-group
Finished building target: practica_1.elf
 
arm-none-eabi-size   practica_1.elf 
arm-none-eabi-objdump -h -S  practica_1.elf  > "practica_1.list"
   text	   data	    bss	    dec	    hex	filename
   6832	     36	   1572	   8440	   20f8	practica_1.elf
Finished building: default.size.stdout
 
Finished building: practica_1.list
 
21:46:25 **** Incremental Build of configuration Debug for project practica_1 ****
make -j8 all 
arm-none-eabi-gcc "../Src/main.c" -mcpu=cortex-m4 -std=gnu11 -g3 -DDEBUG -DSTM32 -DSTM32F429ZITx -DSTM32F4 -DNUCLEO_F429ZI -DUSE_HAL_DRIVER -DSTM32F429xx -c -I../Inc -I"/home/gonza/Repo/PdM_workspace/practica_1/Drivers/STM32F4xx_HAL_Driver/Inc" -I"/home/gonza/Repo/PdM_workspace/practica_1/Drivers/CMSIS/Include" -I"/home/gonza/Repo/PdM_workspace/practica_1/Drivers/CMSIS/Device/ST/STM32F4xx/Include" -I"/home/gonza/Repo/PdM_workspace/practica_1/Drivers/BSP/STM32F4xx_Nucleo_144" -I"/home/gonza/Repo/PdM_workspace/practica_1/Drivers/Core/Inc" -O0 -ffunction-sections -fdata-sections -Wall -fstack-usage -MMD -MP -MF"Src/main.d" -MT"Src/main.o" --specs=nano.specs -mfpu=fpv4-sp-d16 -mfloat-abi=hard -mthumb -o "Src/main.o"
arm-none-eabi-gcc -o "practica_1.elf" @"objects.list"   -mcpu=cortex-m4 -T"/home/gonza/Repo/PdM_workspace/practica_1/STM32F429ZITX_FLASH.ld" --specs=nosys.specs -Wl,-Map="practica_1.map" -Wl,--gc-sections -static --specs=nano.specs -mfpu=fpv4-sp-d16 -mfloat-abi=hard -mthumb -Wl,--start-group -lc -lm -Wl,--end-group
Finished building target: practica_1.elf
 
arm-none-eabi-size   practica_1.elf 
arm-none-eabi-objdump -h -S  practica_1.elf  > "practica_1.list"
   text	   data	    bss	    dec	    hex	filename
   6852	     36	   1572	   8460	   210c	practica_1.elf
Finished building: default.size.stdout
 
Finished building: practica_1.list
 
21:50:59 **** Incremental Build of configuration Debug for project practica_1 ****
make -j8 all 
arm-none-eabi-gcc "../Src/main.c" -mcpu=cortex-m4 -std=gnu11 -g3 -DDEBUG -DSTM32 -DSTM32F429ZITx -DSTM32F4 -DNUCLEO_F429ZI -DUSE_HAL_DRIVER -DSTM32F429xx -c -I../Inc -I"/home/gonza/Repo/PdM_workspace/practica_1/Drivers/STM32F4xx_HAL_Driver/Inc" -I"/home/gonza/Repo/PdM_workspace/practica_1/Drivers/CMSIS/Include" -I"/home/gonza/Repo/PdM_workspace/practica_1/Drivers/CMSIS/Device/ST/STM32F4xx/Include" -I"/home/gonza/Repo/PdM_workspace/practica_1/Drivers/BSP/STM32F4xx_Nucleo_144" -I"/home/gonza/Repo/PdM_workspace/practica_1/Drivers/Core/Inc" -O0 -ffunction-sections -fdata-sections -Wall -fstack-usage -MMD -MP -MF"Src/main.d" -MT"Src/main.o" --specs=nano.specs -mfpu=fpv4-sp-d16 -mfloat-abi=hard -mthumb -o "Src/main.o"
arm-none-eabi-gcc -o "practica_1.elf" @"objects.list"   -mcpu=cortex-m4 -T"/home/gonza/Repo/PdM_workspace/practica_1/STM32F429ZITX_FLASH.ld" --specs=nosys.specs -Wl,-Map="practica_1.map" -Wl,--gc-sections -static --specs=nano.specs -mfpu=fpv4-sp-d16 -mfloat-abi=hard -mthumb -Wl,--start-group -lc -lm -Wl,--end-group
Finished building target: practica_1.elf
 
arm-none-eabi-size   practica_1.elf 
arm-none-eabi-objdump -h -S  practica_1.elf  > "practica_1.list"
   text	   data	    bss	    dec	    hex	filename
   6832	     36	   1572	   8440	   20f8	practica_1.elf
Finished building: default.size.stdout
 
Finished building: practica_1.list
 
21:53:27 **** Incremental Build of configuration Debug for project practica_1 ****
make -j8 all 
arm-none-eabi-size   practica_1.elf 
   text	   data	    bss	    dec	    hex	filename
   6832	     36	   1572	   8440	   20f8	practica_1.elf
Finished building: default.size.stdout
 
21:53:36 **** Incremental Build of configuration Debug for project practica_1 ****
make -j8 all 
arm-none-eabi-size   practica_1.elf 
   text	   data	    bss	    dec	    hex	filename
   6832	     36	   1572	   8440	   20f8	practica_1.elf
Finished building: default.size.stdout
 
21:53:45 **** Incremental Build of configuration Debug for project practica_1 ****
make -j8 all 
arm-none-eabi-size   practica_1.elf 
   text	   data	    bss	    dec	    hex	filename
   6832	     36	   1572	   8440	   20f8	practica_1.elf
Finished building: default.size.stdout
 
21:53:56 **** Incremental Build of configuration Debug for project practica_1 ****
make -j8 all 
arm-none-eabi-size   practica_1.elf 
   text	   data	    bss	    dec	    hex	filename
   6832	     36	   1572	   8440	   20f8	practica_1.elf
Finished building: default.size.stdout
 
21:55:03 **** Incremental Build of configuration Debug for project practica_1 ****
make -j8 all 
arm-none-eabi-size   practica_1.elf 
   text	   data	    bss	    dec	    hex	filename
   6832	     36	   1572	   8440	   20f8	practica_1.elf
Finished building: default.size.stdout
 
21:59:24 **** Incremental Build of configuration Debug for project practica_1 ****
make -j8 all 
arm-none-eabi-gcc "../Src/main.c" -mcpu=cortex-m4 -std=gnu11 -g3 -DDEBUG -DSTM32 -DSTM32F429ZITx -DSTM32F4 -DNUCLEO_F429ZI -DUSE_HAL_DRIVER -DSTM32F429xx -c -I../Inc -I"/home/gonza/Repo/PdM_workspace/practica_1/Drivers/STM32F4xx_HAL_Driver/Inc" -I"/home/gonza/Repo/PdM_workspace/practica_1/Drivers/CMSIS/Include" -I"/home/gonza/Repo/PdM_workspace/practica_1/Drivers/CMSIS/Device/ST/STM32F4xx/Include" -I"/home/gonza/Repo/PdM_workspace/practica_1/Drivers/BSP/STM32F4xx_Nucleo_144" -I"/home/gonza/Repo/PdM_workspace/practica_1/Drivers/Core/Inc" -O0 -ffunction-sections -fdata-sections -Wall -fstack-usage -MMD -MP -MF"Src/main.d" -MT"Src/main.o" --specs=nano.specs -mfpu=fpv4-sp-d16 -mfloat-abi=hard -mthumb -o "Src/main.o"
arm-none-eabi-gcc -o "practica_1.elf" @"objects.list"   -mcpu=cortex-m4 -T"/home/gonza/Repo/PdM_workspace/practica_1/STM32F429ZITX_FLASH.ld" --specs=nosys.specs -Wl,-Map="practica_1.map" -Wl,--gc-sections -static --specs=nano.specs -mfpu=fpv4-sp-d16 -mfloat-abi=hard -mthumb -Wl,--start-group -lc -lm -Wl,--end-group
Finished building target: practica_1.elf
 
arm-none-eabi-size   practica_1.elf 
arm-none-eabi-objdump -h -S  practica_1.elf  > "practica_1.list"
   text	   data	    bss	    dec	    hex	filename
   6736	     36	   1572	   8344	   2098	practica_1.elf
Finished building: default.size.stdout
 
Finished building: practica_1.list
 
22:00:40 **** Incremental Build of configuration Debug for project practica_1 ****
make -j8 all 
arm-none-eabi-gcc "../Src/main.c" -mcpu=cortex-m4 -std=gnu11 -g3 -DDEBUG -DSTM32 -DSTM32F429ZITx -DSTM32F4 -DNUCLEO_F429ZI -DUSE_HAL_DRIVER -DSTM32F429xx -c -I../Inc -I"/home/gonza/Repo/PdM_workspace/practica_1/Drivers/STM32F4xx_HAL_Driver/Inc" -I"/home/gonza/Repo/PdM_workspace/practica_1/Drivers/CMSIS/Include" -I"/home/gonza/Repo/PdM_workspace/practica_1/Drivers/CMSIS/Device/ST/STM32F4xx/Include" -I"/home/gonza/Repo/PdM_workspace/practica_1/Drivers/BSP/STM32F4xx_Nucleo_144" -I"/home/gonza/Repo/PdM_workspace/practica_1/Drivers/Core/Inc" -O0 -ffunction-sections -fdata-sections -Wall -fstack-usage -MMD -MP -MF"Src/main.d" -MT"Src/main.o" --specs=nano.specs -mfpu=fpv4-sp-d16 -mfloat-abi=hard -mthumb -o "Src/main.o"
arm-none-eabi-gcc -o "practica_1.elf" @"objects.list"   -mcpu=cortex-m4 -T"/home/gonza/Repo/PdM_workspace/practica_1/STM32F429ZITX_FLASH.ld" --specs=nosys.specs -Wl,-Map="practica_1.map" -Wl,--gc-sections -static --specs=nano.specs -mfpu=fpv4-sp-d16 -mfloat-abi=hard -mthumb -Wl,--start-group -lc -lm -Wl,--end-group
Finished building target: practica_1.elf
 
arm-none-eabi-size   practica_1.elf 
arm-none-eabi-objdump -h -S  practica_1.elf  > "practica_1.list"
   text	   data	    bss	    dec	    hex	filename
   6832	     36	   1572	   8440	   20f8	practica_1.elf
Finished building: default.size.stdout
 
Finished building: practica_1.list
 
22:01:05 **** Incremental Build of configuration Debug for project practica_1 ****
make -j8 all 
arm-none-eabi-gcc "../Src/main.c" -mcpu=cortex-m4 -std=gnu11 -g3 -DDEBUG -DSTM32 -DSTM32F429ZITx -DSTM32F4 -DNUCLEO_F429ZI -DUSE_HAL_DRIVER -DSTM32F429xx -c -I../Inc -I"/home/gonza/Repo/PdM_workspace/practica_1/Drivers/STM32F4xx_HAL_Driver/Inc" -I"/home/gonza/Repo/PdM_workspace/practica_1/Drivers/CMSIS/Include" -I"/home/gonza/Repo/PdM_workspace/practica_1/Drivers/CMSIS/Device/ST/STM32F4xx/Include" -I"/home/gonza/Repo/PdM_workspace/practica_1/Drivers/BSP/STM32F4xx_Nucleo_144" -I"/home/gonza/Repo/PdM_workspace/practica_1/Drivers/Core/Inc" -O0 -ffunction-sections -fdata-sections -Wall -fstack-usage -MMD -MP -MF"Src/main.d" -MT"Src/main.o" --specs=nano.specs -mfpu=fpv4-sp-d16 -mfloat-abi=hard -mthumb -o "Src/main.o"
arm-none-eabi-gcc -o "practica_1.elf" @"objects.list"   -mcpu=cortex-m4 -T"/home/gonza/Repo/PdM_workspace/practica_1/STM32F429ZITX_FLASH.ld" --specs=nosys.specs -Wl,-Map="practica_1.map" -Wl,--gc-sections -static --specs=nano.specs -mfpu=fpv4-sp-d16 -mfloat-abi=hard -mthumb -Wl,--start-group -lc -lm -Wl,--end-group
Finished building target: practica_1.elf
 
arm-none-eabi-size   practica_1.elf 
arm-none-eabi-objdump -h -S  practica_1.elf  > "practica_1.list"
   text	   data	    bss	    dec	    hex	filename
   6832	     36	   1572	   8440	   20f8	practica_1.elf
Finished building: default.size.stdout
 
Finished building: practica_1.list
 
22:01:52 **** Incremental Build of configuration Debug for project practica_1 ****
make -j8 all 
arm-none-eabi-gcc "../Src/main.c" -mcpu=cortex-m4 -std=gnu11 -g3 -DDEBUG -DSTM32 -DSTM32F429ZITx -DSTM32F4 -DNUCLEO_F429ZI -DUSE_HAL_DRIVER -DSTM32F429xx -c -I../Inc -I"/home/gonza/Repo/PdM_workspace/practica_1/Drivers/STM32F4xx_HAL_Driver/Inc" -I"/home/gonza/Repo/PdM_workspace/practica_1/Drivers/CMSIS/Include" -I"/home/gonza/Repo/PdM_workspace/practica_1/Drivers/CMSIS/Device/ST/STM32F4xx/Include" -I"/home/gonza/Repo/PdM_workspace/practica_1/Drivers/BSP/STM32F4xx_Nucleo_144" -I"/home/gonza/Repo/PdM_workspace/practica_1/Drivers/Core/Inc" -O0 -ffunction-sections -fdata-sections -Wall -fstack-usage -MMD -MP -MF"Src/main.d" -MT"Src/main.o" --specs=nano.specs -mfpu=fpv4-sp-d16 -mfloat-abi=hard -mthumb -o "Src/main.o"
arm-none-eabi-gcc -o "practica_1.elf" @"objects.list"   -mcpu=cortex-m4 -T"/home/gonza/Repo/PdM_workspace/practica_1/STM32F429ZITX_FLASH.ld" --specs=nosys.specs -Wl,-Map="practica_1.map" -Wl,--gc-sections -static --specs=nano.specs -mfpu=fpv4-sp-d16 -mfloat-abi=hard -mthumb -Wl,--start-group -lc -lm -Wl,--end-group
Finished building target: practica_1.elf
 
arm-none-eabi-size   practica_1.elf 
arm-none-eabi-objdump -h -S  practica_1.elf  > "practica_1.list"
   text	   data	    bss	    dec	    hex	filename
   6852	     36	   1572	   8460	   210c	practica_1.elf
Finished building: default.size.stdout
 
Finished building: practica_1.list
 
