12:57:53 **** Incremental Build of configuration Debug for project practica_2 ****
make -j8 all 
arm-none-eabi-gcc "../Src/main.c" -mcpu=cortex-m4 -std=gnu11 -g3 -DDEBUG -DSTM32 -DSTM32F429ZITx -DSTM32F4 -DNUCLEO_F429ZI -DUSE_HAL_DRIVER -DSTM32F429xx -c -I../Inc -I"/home/gonza/Repo/PdM_workspace/practica_2/Drivers/STM32F4xx_HAL_Driver/Inc" -I"/home/gonza/Repo/PdM_workspace/practica_2/Drivers/CMSIS/Include" -I"/home/gonza/Repo/PdM_workspace/practica_2/Drivers/CMSIS/Device/ST/STM32F4xx/Include" -I"/home/gonza/Repo/PdM_workspace/practica_2/Drivers/BSP/STM32F4xx_Nucleo_144" -I"/home/gonza/Repo/PdM_workspace/practica_2/Drivers/Core/Inc" -O0 -ffunction-sections -fdata-sections -Wall -fstack-usage -MMD -MP -MF"Src/main.d" -MT"Src/main.o" --specs=nano.specs -mfpu=fpv4-sp-d16 -mfloat-abi=hard -mthumb -o "Src/main.o"
arm-none-eabi-gcc -o "practica_2.elf" @"objects.list"   -mcpu=cortex-m4 -T"/home/gonza/Repo/PdM_workspace/practica_2/STM32F429ZITX_FLASH.ld" --specs=nosys.specs -Wl,-Map="practica_2.map" -Wl,--gc-sections -static --specs=nano.specs -mfpu=fpv4-sp-d16 -mfloat-abi=hard -mthumb -Wl,--start-group -lc -lm -Wl,--end-group
Finished building target: practica_2.elf
 
arm-none-eabi-size   practica_2.elf 
arm-none-eabi-objdump -h -S  practica_2.elf  > "practica_2.list"
   text	   data	    bss	    dec	    hex	filename
   6472	     32	   1568	   8072	   1f88	practica_2.elf
Finished building: default.size.stdout
 
Finished building: practica_2.list
 

12:57:56 Build Finished. 0 errors, 0 warnings. (took 2s.530ms)

